Archive member included to satisfy reference by file (symbol)

d:/st/stm32cubeide_1.3.0/stm32cubeide/plugins/com.st.stm32cube.ide.mcu.externaltools.gnu-tools-for-stm32.7-2018-q2-update.win32_1.0.0.201904181610/tools/bin/../lib/gcc/arm-none-eabi/7.3.1/../../../../arm-none-eabi/lib/thumb/v7-m\libc_nano.a(lib_a-errno.o)
                              Core/Src/syscalls.o (__errno)
d:/st/stm32cubeide_1.3.0/stm32cubeide/plugins/com.st.stm32cube.ide.mcu.externaltools.gnu-tools-for-stm32.7-2018-q2-update.win32_1.0.0.201904181610/tools/bin/../lib/gcc/arm-none-eabi/7.3.1/../../../../arm-none-eabi/lib/thumb/v7-m\libc_nano.a(lib_a-exit.o)
                              d:/st/stm32cubeide_1.3.0/stm32cubeide/plugins/com.st.stm32cube.ide.mcu.externaltools.gnu-tools-for-stm32.7-2018-q2-update.win32_1.0.0.201904181610/tools/bin/../lib/gcc/arm-none-eabi/7.3.1/../../../../arm-none-eabi/lib/thumb/v7-m/crt0.o (exit)
d:/st/stm32cubeide_1.3.0/stm32cubeide/plugins/com.st.stm32cube.ide.mcu.externaltools.gnu-tools-for-stm32.7-2018-q2-update.win32_1.0.0.201904181610/tools/bin/../lib/gcc/arm-none-eabi/7.3.1/../../../../arm-none-eabi/lib/thumb/v7-m\libc_nano.a(lib_a-impure.o)
                              d:/st/stm32cubeide_1.3.0/stm32cubeide/plugins/com.st.stm32cube.ide.mcu.externaltools.gnu-tools-for-stm32.7-2018-q2-update.win32_1.0.0.201904181610/tools/bin/../lib/gcc/arm-none-eabi/7.3.1/../../../../arm-none-eabi/lib/thumb/v7-m\libc_nano.a(lib_a-exit.o) (_global_impure_ptr)
d:/st/stm32cubeide_1.3.0/stm32cubeide/plugins/com.st.stm32cube.ide.mcu.externaltools.gnu-tools-for-stm32.7-2018-q2-update.win32_1.0.0.201904181610/tools/bin/../lib/gcc/arm-none-eabi/7.3.1/../../../../arm-none-eabi/lib/thumb/v7-m\libc_nano.a(lib_a-init.o)
                              d:/st/stm32cubeide_1.3.0/stm32cubeide/plugins/com.st.stm32cube.ide.mcu.externaltools.gnu-tools-for-stm32.7-2018-q2-update.win32_1.0.0.201904181610/tools/bin/../lib/gcc/arm-none-eabi/7.3.1/../../../../arm-none-eabi/lib/thumb/v7-m/crt0.o (__libc_init_array)
d:/st/stm32cubeide_1.3.0/stm32cubeide/plugins/com.st.stm32cube.ide.mcu.externaltools.gnu-tools-for-stm32.7-2018-q2-update.win32_1.0.0.201904181610/tools/bin/../lib/gcc/arm-none-eabi/7.3.1/../../../../arm-none-eabi/lib/thumb/v7-m\libc_nano.a(lib_a-memset.o)
                              d:/st/stm32cubeide_1.3.0/stm32cubeide/plugins/com.st.stm32cube.ide.mcu.externaltools.gnu-tools-for-stm32.7-2018-q2-update.win32_1.0.0.201904181610/tools/bin/../lib/gcc/arm-none-eabi/7.3.1/../../../../arm-none-eabi/lib/thumb/v7-m/crt0.o (memset)

Allocating common symbols
Common symbol       size              file

left_pressed        0x1               Core/Src/main.o
yPrev               0x1               Core/Src/main.o
FlickerCounter      0x8               Core/Src/stm32f1xx_it.o
hi2c1               0x54              Core/Src/main.o
left_pressed_prev   0x1               Core/Src/stm32f1xx_it.o
uwTick              0x4               Drivers/STM32F1xx_HAL_Driver/Src/stm32f1xx_hal.o
right_pressed_prev  0x1               Core/Src/stm32f1xx_it.o
az                  0x2               Core/Src/main.o
uart_transmit_tball_pos
                    0x1               Core/Src/mazeGame.o
pFlash              0x20              Drivers/STM32F1xx_HAL_Driver/Src/stm32f1xx_hal_flash.o
display             0x40              Core/Src/calibration.o
xPrev               0x1               Core/Src/main.o
up_pressed          0x1               Core/Src/main.o
hadc1               0x30              Core/Src/main.o
i2cMazeData         0xa               Core/Src/main.o
ax                  0x2               Core/Src/main.o
TennisSysTickCounter
                    0x8               Core/Src/tennisGame.o
tball               0xa               Core/Src/tennisGame.o
i2cData             0xa               Core/Src/main.o
down_pressed        0x1               Core/Src/main.o
right_pressed       0x1               Core/Src/mazeGame.o
down_pressed_prev   0x1               Core/Src/stm32f1xx_it.o
result              0x1               Core/Src/main.o
ball                0x4               Core/Src/mazeGame.o
middle_pressed      0x1               Core/Src/main.o
huart2              0x40              Core/Src/calibration.o
ay                  0x2               Core/Src/main.o
up_pressed_prev     0x1               Core/Src/stm32f1xx_it.o

Discarded input sections

 .text          0x0000000000000000        0x0 d:/st/stm32cubeide_1.3.0/stm32cubeide/plugins/com.st.stm32cube.ide.mcu.externaltools.gnu-tools-for-stm32.7-2018-q2-update.win32_1.0.0.201904181610/tools/bin/../lib/gcc/arm-none-eabi/7.3.1/thumb/v7-m/crti.o
 .data          0x0000000000000000        0x0 d:/st/stm32cubeide_1.3.0/stm32cubeide/plugins/com.st.stm32cube.ide.mcu.externaltools.gnu-tools-for-stm32.7-2018-q2-update.win32_1.0.0.201904181610/tools/bin/../lib/gcc/arm-none-eabi/7.3.1/thumb/v7-m/crti.o
[...]
Memory Configuration

Name             Origin             Length             Attributes
RAM              0x0000000020000000 0x0000000000005000 xrw
FLASH            0x0000000008000000 0x0000000000020000 xr
*default*        0x0000000000000000 0xffffffffffffffff

Linker script and memory map

LOAD d:/st/stm32cubeide_1.3.0/stm32cubeide/plugins/com.st.stm32cube.ide.mcu.externaltools.gnu-tools-for-stm32.7-2018-q2-update.win32_1.0.0.201904181610/tools/bin/../lib/gcc/arm-none-eabi/7.3.1/thumb/v7-m/crti.o
LOAD d:/st/stm32cubeide_1.3.0/stm32cubeide/plugins/com.st.stm32cube.ide.mcu.externaltools.gnu-tools-for-stm32.7-2018-q2-update.win32_1.0.0.201904181610/tools/bin/../lib/gcc/arm-none-eabi/7.3.1/thumb/v7-m/crtbegin.o
LOAD d:/st/stm32cubeide_1.3.0/stm32cubeide/plugins/com.st.stm32cube.ide.mcu.externaltools.gnu-tools-for-stm32.7-2018-q2-update.win32_1.0.0.201904181610/tools/bin/../lib/gcc/arm-none-eabi/7.3.1/../../../../arm-none-eabi/lib/thumb/v7-m/crt0.o
LOAD Core/Src/calibration.o
LOAD Core/Src/demo2game.o
LOAD Core/Src/main.o
LOAD Core/Src/matrixDisplay.o
LOAD Core/Src/mazeGame.o
LOAD Core/Src/stm32f1xx_hal_msp.o
LOAD Core/Src/stm32f1xx_it.o
LOAD Core/Src/syscalls.o
LOAD Core/Src/sysmem.o
LOAD Core/Src/system_stm32f1xx.o
LOAD Core/Src/tennisGame.o
LOAD Core/Startup/startup_stm32f103rbtx.o
LOAD Drivers/STM32F1xx_HAL_Driver/Src/stm32f1xx_hal.o
LOAD Drivers/STM32F1xx_HAL_Driver/Src/stm32f1xx_hal_adc.o
LOAD Drivers/STM32F1xx_HAL_Driver/Src/stm32f1xx_hal_adc_ex.o
LOAD Drivers/STM32F1xx_HAL_Driver/Src/stm32f1xx_hal_cortex.o
LOAD Drivers/STM32F1xx_HAL_Driver/Src/stm32f1xx_hal_dma.o
LOAD Drivers/STM32F1xx_HAL_Driver/Src/stm32f1xx_hal_exti.o
LOAD Drivers/STM32F1xx_HAL_Driver/Src/stm32f1xx_hal_flash.o
LOAD Drivers/STM32F1xx_HAL_Driver/Src/stm32f1xx_hal_flash_ex.o
LOAD Drivers/STM32F1xx_HAL_Driver/Src/stm32f1xx_hal_gpio.o
LOAD Drivers/STM32F1xx_HAL_Driver/Src/stm32f1xx_hal_gpio_ex.o
LOAD Drivers/STM32F1xx_HAL_Driver/Src/stm32f1xx_hal_i2c.o
LOAD Drivers/STM32F1xx_HAL_Driver/Src/stm32f1xx_hal_pwr.o
LOAD Drivers/STM32F1xx_HAL_Driver/Src/stm32f1xx_hal_rcc.o
LOAD Drivers/STM32F1xx_HAL_Driver/Src/stm32f1xx_hal_rcc_ex.o
LOAD Drivers/STM32F1xx_HAL_Driver/Src/stm32f1xx_hal_tim.o
LOAD Drivers/STM32F1xx_HAL_Driver/Src/stm32f1xx_hal_tim_ex.o
LOAD Drivers/STM32F1xx_HAL_Driver/Src/stm32f1xx_hal_uart.o
START GROUP
LOAD d:/st/stm32cubeide_1.3.0/stm32cubeide/plugins/com.st.stm32cube.ide.mcu.externaltools.gnu-tools-for-stm32.7-2018-q2-update.win32_1.0.0.201904181610/tools/bin/../lib/gcc/arm-none-eabi/7.3.1/../../../../arm-none-eabi/lib/thumb/v7-m\libc_nano.a
LOAD d:/st/stm32cubeide_1.3.0/stm32cubeide/plugins/com.st.stm32cube.ide.mcu.externaltools.gnu-tools-for-stm32.7-2018-q2-update.win32_1.0.0.201904181610/tools/bin/../lib/gcc/arm-none-eabi/7.3.1/../../../../arm-none-eabi/lib/thumb/v7-m\libm.a
END GROUP
START GROUP
LOAD d:/st/stm32cubeide_1.3.0/stm32cubeide/plugins/com.st.stm32cube.ide.mcu.externaltools.gnu-tools-for-stm32.7-2018-q2-update.win32_1.0.0.201904181610/tools/bin/../lib/gcc/arm-none-eabi/7.3.1/thumb/v7-m\libgcc.a
LOAD d:/st/stm32cubeide_1.3.0/stm32cubeide/plugins/com.st.stm32cube.ide.mcu.externaltools.gnu-tools-for-stm32.7-2018-q2-update.win32_1.0.0.201904181610/tools/bin/../lib/gcc/arm-none-eabi/7.3.1/../../../../arm-none-eabi/lib/thumb/v7-m\libc_nano.a
END GROUP
START GROUP
LOAD d:/st/stm32cubeide_1.3.0/stm32cubeide/plugins/com.st.stm32cube.ide.mcu.externaltools.gnu-tools-for-stm32.7-2018-q2-update.win32_1.0.0.201904181610/tools/bin/../lib/gcc/arm-none-eabi/7.3.1/thumb/v7-m\libgcc.a
LOAD d:/st/stm32cubeide_1.3.0/stm32cubeide/plugins/com.st.stm32cube.ide.mcu.externaltools.gnu-tools-for-stm32.7-2018-q2-update.win32_1.0.0.201904181610/tools/bin/../lib/gcc/arm-none-eabi/7.3.1/../../../../arm-none-eabi/lib/thumb/v7-m\libc_nano.a
LOAD d:/st/stm32cubeide_1.3.0/stm32cubeide/plugins/com.st.stm32cube.ide.mcu.externaltools.gnu-tools-for-stm32.7-2018-q2-update.win32_1.0.0.201904181610/tools/bin/../lib/gcc/arm-none-eabi/7.3.1/../../../../arm-none-eabi/lib/thumb/v7-m\libnosys.a
END GROUP
START GROUP
LOAD d:/st/stm32cubeide_1.3.0/stm32cubeide/plugins/com.st.stm32cube.ide.mcu.externaltools.gnu-tools-for-stm32.7-2018-q2-update.win32_1.0.0.201904181610/tools/bin/../lib/gcc/arm-none-eabi/7.3.1/thumb/v7-m\libgcc.a
LOAD d:/st/stm32cubeide_1.3.0/stm32cubeide/plugins/com.st.stm32cube.ide.mcu.externaltools.gnu-tools-for-stm32.7-2018-q2-update.win32_1.0.0.201904181610/tools/bin/../lib/gcc/arm-none-eabi/7.3.1/../../../../arm-none-eabi/lib/thumb/v7-m\libc_nano.a
LOAD d:/st/stm32cubeide_1.3.0/stm32cubeide/plugins/com.st.stm32cube.ide.mcu.externaltools.gnu-tools-for-stm32.7-2018-q2-update.win32_1.0.0.201904181610/tools/bin/../lib/gcc/arm-none-eabi/7.3.1/../../../../arm-none-eabi/lib/thumb/v7-m\libnosys.a
END GROUP
LOAD d:/st/stm32cubeide_1.3.0/stm32cubeide/plugins/com.st.stm32cube.ide.mcu.externaltools.gnu-tools-for-stm32.7-2018-q2-update.win32_1.0.0.201904181610/tools/bin/../lib/gcc/arm-none-eabi/7.3.1/thumb/v7-m/crtend.o
LOAD d:/st/stm32cubeide_1.3.0/stm32cubeide/plugins/com.st.stm32cube.ide.mcu.externaltools.gnu-tools-for-stm32.7-2018-q2-update.win32_1.0.0.201904181610/tools/bin/../lib/gcc/arm-none-eabi/7.3.1/thumb/v7-m/crtn.o
                0x0000000020005000                _estack = (ORIGIN (RAM) + LENGTH (RAM))
                0x0000000000000200                _Min_Heap_Size = 0x200
                0x0000000000000400                _Min_Stack_Size = 0x400

.isr_vector     0x0000000008000000      0x10c
                0x0000000008000000                . = ALIGN (0x4)
 *(.isr_vector)
 .isr_vector    0x0000000008000000      0x10c Core/Startup/startup_stm32f103rbtx.o
                0x0000000008000000                g_pfnVectors
                0x000000000800010c                . = ALIGN (0x4)

.text           0x000000000800010c     0x4430
                0x000000000800010c                . = ALIGN (0x4)
 *(.text)
 .text          0x000000000800010c       0x40 d:/st/stm32cubeide_1.3.0/stm32cubeide/plugins/com.st.stm32cube.ide.mcu.externaltools.gnu-tools-for-stm32.7-2018-q2-update.win32_1.0.0.201904181610/tools/bin/../lib/gcc/arm-none-eabi/7.3.1/thumb/v7-m/crtbegin.o
 *(.text*)
 .text.calibration_sequence
                0x000000000800014c       0x88 Core/Src/calibration.o
                0x000000000800014c                calibration_sequence
 .text.wait_screen
                0x00000000080001d4       0x54 Core/Src/calibration.o
                0x00000000080001d4                wait_screen
 .text.main     0x0000000008000228      0x120 Core/Src/main.o
                0x0000000008000228                main
 .text.SystemClock_Config
                0x0000000008000348       0xaa Core/Src/main.o
                0x0000000008000348                SystemClock_Config
 *fill*         0x00000000080003f2        0x2 
 .text.MX_ADC1_Init
                0x00000000080003f4       0x7c Core/Src/main.o
 .text.MX_I2C1_Init
                0x0000000008000470       0x5c Core/Src/main.o
 .text.MX_USART2_UART_Init
                0x00000000080004cc       0x54 Core/Src/main.o
 .text.MX_GPIO_Init
                0x0000000008000520      0x180 Core/Src/main.o
 .text.Error_Handler
                0x00000000080006a0        0xc Core/Src/main.o
                0x00000000080006a0                Error_Handler
 .text.initialize_matrix
                0x00000000080006ac       0x48 Core/Src/matrixDisplay.o
                0x00000000080006ac                initialize_matrix
 .text.reset_matrix
                0x00000000080006f4       0x30 Core/Src/matrixDisplay.o
                0x00000000080006f4                reset_matrix
 .text.display_matrix
                0x0000000008000724       0xac Core/Src/matrixDisplay.o
                0x0000000008000724                display_matrix
 .text.set_LED_Column
                0x00000000080007d0       0x40 Core/Src/matrixDisplay.o
                0x00000000080007d0                set_LED_Column
 .text.setColumn
                0x0000000008000810       0xd4 Core/Src/matrixDisplay.o
                0x0000000008000810                setColumn
 .text.setRow   0x00000000080008e4       0xd8 Core/Src/matrixDisplay.o
                0x00000000080008e4                setRow
 .text.construct_maze_game
                0x00000000080009bc       0xe4 Core/Src/mazeGame.o
                0x00000000080009bc                construct_maze_game
 .text.maze_game
                0x0000000008000aa0      0x76c Core/Src/mazeGame.o
                0x0000000008000aa0                maze_game
 .text.display_maze_number
                0x000000000800120c      0x164 Core/Src/mazeGame.o
                0x000000000800120c                display_maze_number
 .text.maze_gameStop
                0x0000000008001370       0x84 Core/Src/mazeGame.o
                0x0000000008001370                maze_gameStop
 .text.HAL_MspInit
                0x00000000080013f4       0x64 Core/Src/stm32f1xx_hal_msp.o
                0x00000000080013f4                HAL_MspInit
 .text.HAL_ADC_MspInit
                0x0000000008001458       0x78 Core/Src/stm32f1xx_hal_msp.o
                0x0000000008001458                HAL_ADC_MspInit
 .text.HAL_I2C_MspInit
                0x00000000080014d0       0x7c Core/Src/stm32f1xx_hal_msp.o
                0x00000000080014d0                HAL_I2C_MspInit
 .text.HAL_UART_MspInit
                0x000000000800154c       0x7c Core/Src/stm32f1xx_hal_msp.o
                0x000000000800154c                HAL_UART_MspInit
 .text.NMI_Handler
                0x00000000080015c8        0xc Core/Src/stm32f1xx_it.o
                0x00000000080015c8                NMI_Handler
 .text.HardFault_Handler
                0x00000000080015d4        0x6 Core/Src/stm32f1xx_it.o
                0x00000000080015d4                HardFault_Handler
 .text.MemManage_Handler
                0x00000000080015da        0x6 Core/Src/stm32f1xx_it.o
                0x00000000080015da                MemManage_Handler
 .text.BusFault_Handler
                0x00000000080015e0        0x6 Core/Src/stm32f1xx_it.o
                0x00000000080015e0                BusFault_Handler
 .text.UsageFault_Handler
                0x00000000080015e6        0x6 Core/Src/stm32f1xx_it.o
                0x00000000080015e6                UsageFault_Handler
 .text.SVC_Handler
                0x00000000080015ec        0xc Core/Src/stm32f1xx_it.o
                0x00000000080015ec                SVC_Handler
 .text.DebugMon_Handler
                0x00000000080015f8        0xc Core/Src/stm32f1xx_it.o
                0x00000000080015f8                DebugMon_Handler
 .text.PendSV_Handler
                0x0000000008001604        0xc Core/Src/stm32f1xx_it.o
                0x0000000008001604                PendSV_Handler
 .text.SysTick_Handler
                0x0000000008001610      0x2f4 Core/Src/stm32f1xx_it.o
                0x0000000008001610                SysTick_Handler
 .text.EXTI15_10_IRQHandler
                0x0000000008001904       0x10 Core/Src/stm32f1xx_it.o
                0x0000000008001904                EXTI15_10_IRQHandler
 .text.SystemInit
                0x0000000008001914        0xc Core/Src/system_stm32f1xx.o
                0x0000000008001914                SystemInit
 .text.construct_tennis_game
                0x0000000008001920       0xb8 Core/Src/tennisGame.o
                0x0000000008001920                construct_tennis_game
 .text.tennis_game
                0x00000000080019d8      0x4a8 Core/Src/tennisGame.o
                0x00000000080019d8                tennis_game
 .text.collision_detection
                0x0000000008001e80      0x430 Core/Src/tennisGame.o
                0x0000000008001e80                collision_detection
 .text.move_ball
                0x00000000080022b0       0xe8 Core/Src/tennisGame.o
                0x00000000080022b0                move_ball
 .text.tennis_gameStop
                0x0000000008002398       0x3c Core/Src/tennisGame.o
                0x0000000008002398                tennis_gameStop
 .text.Reset_Handler
                0x00000000080023d4       0x48 Core/Startup/startup_stm32f103rbtx.o
                0x00000000080023d4                Reset_Handler
 .text.Default_Handler
                0x000000000800241c        0x2 Core/Startup/startup_stm32f103rbtx.o
                0x000000000800241c                RTC_Alarm_IRQHandler
                0x000000000800241c                EXTI2_IRQHandler
                0x000000000800241c                TIM1_CC_IRQHandler
                0x000000000800241c                PVD_IRQHandler
                0x000000000800241c                EXTI3_IRQHandler
                0x000000000800241c                EXTI0_IRQHandler
                0x000000000800241c                I2C2_EV_IRQHandler
                0x000000000800241c                ADC1_2_IRQHandler
                0x000000000800241c                SPI1_IRQHandler
                0x000000000800241c                TAMPER_IRQHandler
                0x000000000800241c                DMA1_Channel4_IRQHandler
                0x000000000800241c                USART3_IRQHandler
                0x000000000800241c                RTC_IRQHandler
                0x000000000800241c                DMA1_Channel7_IRQHandler
                0x000000000800241c                CAN1_RX1_IRQHandler
                0x000000000800241c                TIM4_IRQHandler
                0x000000000800241c                I2C1_EV_IRQHandler
                0x000000000800241c                DMA1_Channel6_IRQHandler
                0x000000000800241c                TIM3_IRQHandler
                0x000000000800241c                RCC_IRQHandler
                0x000000000800241c                TIM1_TRG_COM_IRQHandler
                0x000000000800241c                DMA1_Channel1_IRQHandler
                0x000000000800241c                Default_Handler
                0x000000000800241c                EXTI9_5_IRQHandler
                0x000000000800241c                SPI2_IRQHandler
                0x000000000800241c                DMA1_Channel5_IRQHandler
                0x000000000800241c                EXTI4_IRQHandler
                0x000000000800241c                USB_LP_CAN1_RX0_IRQHandler
                0x000000000800241c                USB_HP_CAN1_TX_IRQHandler
                0x000000000800241c                DMA1_Channel3_IRQHandler
                0x000000000800241c                TIM1_UP_IRQHandler
                0x000000000800241c                WWDG_IRQHandler
                0x000000000800241c                TIM2_IRQHandler
                0x000000000800241c                TIM1_BRK_IRQHandler
                0x000000000800241c                EXTI1_IRQHandler
                0x000000000800241c                USART2_IRQHandler
                0x000000000800241c                I2C2_ER_IRQHandler
                0x000000000800241c                DMA1_Channel2_IRQHandler
                0x000000000800241c                CAN1_SCE_IRQHandler
                0x000000000800241c                FLASH_IRQHandler
                0x000000000800241c                USART1_IRQHandler
                0x000000000800241c                I2C1_ER_IRQHandler
                0x000000000800241c                USBWakeUp_IRQHandler
 *fill*         0x000000000800241e        0x2 
 .text.HAL_Init
                0x0000000008002420       0x2c Drivers/STM32F1xx_HAL_Driver/Src/stm32f1xx_hal.o
                0x0000000008002420                HAL_Init
 .text.HAL_InitTick
                0x000000000800244c       0x60 Drivers/STM32F1xx_HAL_Driver/Src/stm32f1xx_hal.o
                0x000000000800244c                HAL_InitTick
 .text.HAL_IncTick
                0x00000000080024ac       0x24 Drivers/STM32F1xx_HAL_Driver/Src/stm32f1xx_hal.o
                0x00000000080024ac                HAL_IncTick
 .text.HAL_GetTick
                0x00000000080024d0       0x14 Drivers/STM32F1xx_HAL_Driver/Src/stm32f1xx_hal.o
                0x00000000080024d0                HAL_GetTick
 .text.HAL_Delay
                0x00000000080024e4       0x44 Drivers/STM32F1xx_HAL_Driver/Src/stm32f1xx_hal.o
                0x00000000080024e4                HAL_Delay
 .text.HAL_ADC_Init
                0x0000000008002528      0x1b0 Drivers/STM32F1xx_HAL_Driver/Src/stm32f1xx_hal_adc.o
                0x0000000008002528                HAL_ADC_Init
 .text.HAL_ADC_ConfigChannel
                0x00000000080026d8      0x1f0 Drivers/STM32F1xx_HAL_Driver/Src/stm32f1xx_hal_adc.o
                0x00000000080026d8                HAL_ADC_ConfigChannel
 .text.ADC_ConversionStop_Disable
                0x00000000080028c8       0x74 Drivers/STM32F1xx_HAL_Driver/Src/stm32f1xx_hal_adc.o
                0x00000000080028c8                ADC_ConversionStop_Disable
 .text.__NVIC_SetPriorityGrouping
                0x000000000800293c       0x48 Drivers/STM32F1xx_HAL_Driver/Src/stm32f1xx_hal_cortex.o
 .text.__NVIC_GetPriorityGrouping
                0x0000000008002984       0x1c Drivers/STM32F1xx_HAL_Driver/Src/stm32f1xx_hal_cortex.o
 .text.__NVIC_EnableIRQ
                0x00000000080029a0       0x38 Drivers/STM32F1xx_HAL_Driver/Src/stm32f1xx_hal_cortex.o
 .text.__NVIC_SetPriority
                0x00000000080029d8       0x54 Drivers/STM32F1xx_HAL_Driver/Src/stm32f1xx_hal_cortex.o
 .text.NVIC_EncodePriority
                0x0000000008002a2c       0x64 Drivers/STM32F1xx_HAL_Driver/Src/stm32f1xx_hal_cortex.o
 .text.SysTick_Config
                0x0000000008002a90       0x44 Drivers/STM32F1xx_HAL_Driver/Src/stm32f1xx_hal_cortex.o
 .text.HAL_NVIC_SetPriorityGrouping
                0x0000000008002ad4       0x16 Drivers/STM32F1xx_HAL_Driver/Src/stm32f1xx_hal_cortex.o
                0x0000000008002ad4                HAL_NVIC_SetPriorityGrouping
 .text.HAL_NVIC_SetPriority
                0x0000000008002aea       0x38 Drivers/STM32F1xx_HAL_Driver/Src/stm32f1xx_hal_cortex.o
                0x0000000008002aea                HAL_NVIC_SetPriority
 .text.HAL_NVIC_EnableIRQ
                0x0000000008002b22       0x1c Drivers/STM32F1xx_HAL_Driver/Src/stm32f1xx_hal_cortex.o
                0x0000000008002b22                HAL_NVIC_EnableIRQ
 .text.HAL_SYSTICK_Config
                0x0000000008002b3e       0x18 Drivers/STM32F1xx_HAL_Driver/Src/stm32f1xx_hal_cortex.o
                0x0000000008002b3e                HAL_SYSTICK_Config
 *fill*         0x0000000008002b56        0x2 
 .text.HAL_GPIO_Init
                0x0000000008002b58      0x2b4 Drivers/STM32F1xx_HAL_Driver/Src/stm32f1xx_hal_gpio.o
                0x0000000008002b58                HAL_GPIO_Init
 .text.HAL_GPIO_ReadPin
                0x0000000008002e0c       0x2e Drivers/STM32F1xx_HAL_Driver/Src/stm32f1xx_hal_gpio.o
                0x0000000008002e0c                HAL_GPIO_ReadPin
 .text.HAL_GPIO_WritePin
                0x0000000008002e3a       0x30 Drivers/STM32F1xx_HAL_Driver/Src/stm32f1xx_hal_gpio.o
                0x0000000008002e3a                HAL_GPIO_WritePin
 *fill*         0x0000000008002e6a        0x2 
 .text.HAL_GPIO_EXTI_IRQHandler
                0x0000000008002e6c       0x30 Drivers/STM32F1xx_HAL_Driver/Src/stm32f1xx_hal_gpio.o
                0x0000000008002e6c                HAL_GPIO_EXTI_IRQHandler
 .text.HAL_GPIO_EXTI_Callback
                0x0000000008002e9c       0x14 Drivers/STM32F1xx_HAL_Driver/Src/stm32f1xx_hal_gpio.o
                0x0000000008002e9c                HAL_GPIO_EXTI_Callback
 .text.HAL_I2C_Init
                0x0000000008002eb0      0x270 Drivers/STM32F1xx_HAL_Driver/Src/stm32f1xx_hal_i2c.o
                0x0000000008002eb0                HAL_I2C_Init
 .text.HAL_I2C_Master_Transmit
                0x0000000008003120      0x1fc Drivers/STM32F1xx_HAL_Driver/Src/stm32f1xx_hal_i2c.o
                0x0000000008003120                HAL_I2C_Master_Transmit
 .text.I2C_MasterRequestWrite
                0x000000000800331c       0xec Drivers/STM32F1xx_HAL_Driver/Src/stm32f1xx_hal_i2c.o
 .text.I2C_WaitOnFlagUntilTimeout
                0x0000000008003408       0xae Drivers/STM32F1xx_HAL_Driver/Src/stm32f1xx_hal_i2c.o
 .text.I2C_WaitOnMasterAddressFlagUntilTimeout
                0x00000000080034b6       0xfe Drivers/STM32F1xx_HAL_Driver/Src/stm32f1xx_hal_i2c.o
 .text.I2C_WaitOnTXEFlagUntilTimeout
                0x00000000080035b4       0x82 Drivers/STM32F1xx_HAL_Driver/Src/stm32f1xx_hal_i2c.o
 .text.I2C_WaitOnBTFFlagUntilTimeout
                0x0000000008003636       0x82 Drivers/STM32F1xx_HAL_Driver/Src/stm32f1xx_hal_i2c.o
 .text.I2C_IsAcknowledgeFailed
                0x00000000080036b8       0x5c Drivers/STM32F1xx_HAL_Driver/Src/stm32f1xx_hal_i2c.o
 .text.HAL_RCC_OscConfig
                0x0000000008003714      0x500 Drivers/STM32F1xx_HAL_Driver/Src/stm32f1xx_hal_rcc.o
                0x0000000008003714                HAL_RCC_OscConfig
 .text.HAL_RCC_ClockConfig
                0x0000000008003c14      0x1d4 Drivers/STM32F1xx_HAL_Driver/Src/stm32f1xx_hal_rcc.o
                0x0000000008003c14                HAL_RCC_ClockConfig
 .text.HAL_RCC_GetSysClockFreq
                0x0000000008003de8       0xc4 Drivers/STM32F1xx_HAL_Driver/Src/stm32f1xx_hal_rcc.o
                0x0000000008003de8                HAL_RCC_GetSysClockFreq
 .text.HAL_RCC_GetHCLKFreq
                0x0000000008003eac       0x14 Drivers/STM32F1xx_HAL_Driver/Src/stm32f1xx_hal_rcc.o
                0x0000000008003eac                HAL_RCC_GetHCLKFreq
 .text.HAL_RCC_GetPCLK1Freq
                0x0000000008003ec0       0x28 Drivers/STM32F1xx_HAL_Driver/Src/stm32f1xx_hal_rcc.o
                0x0000000008003ec0                HAL_RCC_GetPCLK1Freq
 .text.HAL_RCC_GetPCLK2Freq
                0x0000000008003ee8       0x28 Drivers/STM32F1xx_HAL_Driver/Src/stm32f1xx_hal_rcc.o
                0x0000000008003ee8                HAL_RCC_GetPCLK2Freq
 .text.RCC_Delay
                0x0000000008003f10       0x3c Drivers/STM32F1xx_HAL_Driver/Src/stm32f1xx_hal_rcc.o
 .text.HAL_RCCEx_PeriphCLKConfig
                0x0000000008003f4c      0x16c Drivers/STM32F1xx_HAL_Driver/Src/stm32f1xx_hal_rcc_ex.o
                0x0000000008003f4c                HAL_RCCEx_PeriphCLKConfig
 .text.HAL_UART_Init
                0x00000000080040b8       0x9a Drivers/STM32F1xx_HAL_Driver/Src/stm32f1xx_hal_uart.o
                0x00000000080040b8                HAL_UART_Init
 .text.HAL_UART_Transmit
                0x0000000008004152      0x132 Drivers/STM32F1xx_HAL_Driver/Src/stm32f1xx_hal_uart.o
                0x0000000008004152                HAL_UART_Transmit
 .text.UART_WaitOnFlagUntilTimeout
                0x0000000008004284       0x94 Drivers/STM32F1xx_HAL_Driver/Src/stm32f1xx_hal_uart.o
 .text.UART_SetConfig
                0x0000000008004318      0x1b4 Drivers/STM32F1xx_HAL_Driver/Src/stm32f1xx_hal_uart.o
 .text.__libc_init_array
                0x00000000080044cc       0x48 d:/st/stm32cubeide_1.3.0/stm32cubeide/plugins/com.st.stm32cube.ide.mcu.externaltools.gnu-tools-for-stm32.7-2018-q2-update.win32_1.0.0.201904181610/tools/bin/../lib/gcc/arm-none-eabi/7.3.1/../../../../arm-none-eabi/lib/thumb/v7-m\libc_nano.a(lib_a-init.o)
                0x00000000080044cc                __libc_init_array
 .text.memset   0x0000000008004514       0x10 d:/st/stm32cubeide_1.3.0/stm32cubeide/plugins/com.st.stm32cube.ide.mcu.externaltools.gnu-tools-for-stm32.7-2018-q2-update.win32_1.0.0.201904181610/tools/bin/../lib/gcc/arm-none-eabi/7.3.1/../../../../arm-none-eabi/lib/thumb/v7-m\libc_nano.a(lib_a-memset.o)
                0x0000000008004514                memset
 *(.glue_7)
 .glue_7        0x0000000008004524        0x0 linker stubs
 *(.glue_7t)
 .glue_7t       0x0000000008004524        0x0 linker stubs
 *(.eh_frame)
 .eh_frame      0x0000000008004524        0x0 d:/st/stm32cubeide_1.3.0/stm32cubeide/plugins/com.st.stm32cube.ide.mcu.externaltools.gnu-tools-for-stm32.7-2018-q2-update.win32_1.0.0.201904181610/tools/bin/../lib/gcc/arm-none-eabi/7.3.1/thumb/v7-m/crtbegin.o
 *(.init)
 .init          0x0000000008004524        0x4 d:/st/stm32cubeide_1.3.0/stm32cubeide/plugins/com.st.stm32cube.ide.mcu.externaltools.gnu-tools-for-stm32.7-2018-q2-update.win32_1.0.0.201904181610/tools/bin/../lib/gcc/arm-none-eabi/7.3.1/thumb/v7-m/crti.o
                0x0000000008004524                _init
 .init          0x0000000008004528        0x8 d:/st/stm32cubeide_1.3.0/stm32cubeide/plugins/com.st.stm32cube.ide.mcu.externaltools.gnu-tools-for-stm32.7-2018-q2-update.win32_1.0.0.201904181610/tools/bin/../lib/gcc/arm-none-eabi/7.3.1/thumb/v7-m/crtn.o
 *(.fini)
 .fini          0x0000000008004530        0x4 d:/st/stm32cubeide_1.3.0/stm32cubeide/plugins/com.st.stm32cube.ide.mcu.externaltools.gnu-tools-for-stm32.7-2018-q2-update.win32_1.0.0.201904181610/tools/bin/../lib/gcc/arm-none-eabi/7.3.1/thumb/v7-m/crti.o
                0x0000000008004530                _fini
 .fini          0x0000000008004534        0x8 d:/st/stm32cubeide_1.3.0/stm32cubeide/plugins/com.st.stm32cube.ide.mcu.externaltools.gnu-tools-for-stm32.7-2018-q2-update.win32_1.0.0.201904181610/tools/bin/../lib/gcc/arm-none-eabi/7.3.1/thumb/v7-m/crtn.o
                0x000000000800453c                . = ALIGN (0x4)
                0x000000000800453c                _etext = .

.vfp11_veneer   0x000000000800453c        0x0
 .vfp11_veneer  0x000000000800453c        0x0 linker stubs

.v4_bx          0x000000000800453c        0x0
 .v4_bx         0x000000000800453c        0x0 linker stubs

.iplt           0x000000000800453c        0x0
 .iplt          0x000000000800453c        0x0 d:/st/stm32cubeide_1.3.0/stm32cubeide/plugins/com.st.stm32cube.ide.mcu.externaltools.gnu-tools-for-stm32.7-2018-q2-update.win32_1.0.0.201904181610/tools/bin/../lib/gcc/arm-none-eabi/7.3.1/thumb/v7-m/crtbegin.o

.rodata         0x000000000800453c       0x38
                0x000000000800453c                . = ALIGN (0x4)
 *(.rodata)
 .rodata        0x000000000800453c        0xb Core/Src/calibration.o
 *fill*         0x0000000008004547        0x1 
 .rodata        0x0000000008004548       0x12 Drivers/STM32F1xx_HAL_Driver/Src/stm32f1xx_hal_rcc.o
 *(.rodata*)
 *fill*         0x000000000800455a        0x2 
 .rodata.AHBPrescTable
                0x000000000800455c       0x10 Core/Src/system_stm32f1xx.o
                0x000000000800455c                AHBPrescTable
 .rodata.APBPrescTable
                0x000000000800456c        0x8 Core/Src/system_stm32f1xx.o
                0x000000000800456c                APBPrescTable
                0x0000000008004574                . = ALIGN (0x4)

.rel.dyn        0x0000000008004574        0x0
 .rel.iplt      0x0000000008004574        0x0 d:/st/stm32cubeide_1.3.0/stm32cubeide/plugins/com.st.stm32cube.ide.mcu.externaltools.gnu-tools-for-stm32.7-2018-q2-update.win32_1.0.0.201904181610/tools/bin/../lib/gcc/arm-none-eabi/7.3.1/thumb/v7-m/crtbegin.o

.ARM.extab      0x0000000008004574        0x0
                0x0000000008004574                . = ALIGN (0x4)
 *(.ARM.extab* .gnu.linkonce.armextab.*)
                0x0000000008004574                . = ALIGN (0x4)

.ARM            0x0000000008004574        0x0
                0x0000000008004574                . = ALIGN (0x4)
                0x0000000008004574                __exidx_start = .
 *(.ARM.exidx*)
                0x0000000008004574                __exidx_end = .
                0x0000000008004574                . = ALIGN (0x4)

.preinit_array  0x0000000008004574        0x0
                0x0000000008004574                . = ALIGN (0x4)
                0x0000000008004574                PROVIDE (__preinit_array_start = .)
 *(.preinit_array*)
                0x0000000008004574                PROVIDE (__preinit_array_end = .)
                0x0000000008004574                . = ALIGN (0x4)

.init_array     0x0000000008004574        0x4
                0x0000000008004574                . = ALIGN (0x4)
                0x0000000008004574                PROVIDE (__init_array_start = .)
 *(SORT_BY_NAME(.init_array.*))
 *(.init_array*)
 .init_array    0x0000000008004574        0x4 d:/st/stm32cubeide_1.3.0/stm32cubeide/plugins/com.st.stm32cube.ide.mcu.externaltools.gnu-tools-for-stm32.7-2018-q2-update.win32_1.0.0.201904181610/tools/bin/../lib/gcc/arm-none-eabi/7.3.1/thumb/v7-m/crtbegin.o
                0x0000000008004578                PROVIDE (__init_array_end = .)
                0x0000000008004578                . = ALIGN (0x4)

.fini_array     0x0000000008004578        0x4
                0x0000000008004578                . = ALIGN (0x4)
                [!provide]                        PROVIDE (__fini_array_start = .)
 *(SORT_BY_NAME(.fini_array.*))
 *(.fini_array*)
 .fini_array    0x0000000008004578        0x4 d:/st/stm32cubeide_1.3.0/stm32cubeide/plugins/com.st.stm32cube.ide.mcu.externaltools.gnu-tools-for-stm32.7-2018-q2-update.win32_1.0.0.201904181610/tools/bin/../lib/gcc/arm-none-eabi/7.3.1/thumb/v7-m/crtbegin.o
                [!provide]                        PROVIDE (__fini_array_end = .)
                0x000000000800457c                . = ALIGN (0x4)
                0x000000000800457c                _sidata = LOADADDR (.data)

.data           0x0000000020000000      0x240 load address 0x000000000800457c
                0x0000000020000000                . = ALIGN (0x4)
                0x0000000020000000                _sdata = .
 *(.data)
 *(.data*)
 .data.message  0x0000000020000000        0xa Core/Src/calibration.o
                0x0000000020000000                message
 *fill*         0x000000002000000a        0x2 
 .data.maze1    0x000000002000000c       0x40 Core/Src/mazeGame.o
                0x000000002000000c                maze1
 .data.maze2    0x000000002000004c       0x40 Core/Src/mazeGame.o
                0x000000002000004c                maze2
 .data.maze3    0x000000002000008c       0x40 Core/Src/mazeGame.o
                0x000000002000008c                maze3
 .data.maze4    0x00000000200000cc       0x40 Core/Src/mazeGame.o
                0x00000000200000cc                maze4
 .data.num1     0x000000002000010c       0x40 Core/Src/mazeGame.o
                0x000000002000010c                num1
 .data.num2     0x000000002000014c       0x40 Core/Src/mazeGame.o
                0x000000002000014c                num2
 .data.num3     0x000000002000018c       0x40 Core/Src/mazeGame.o
                0x000000002000018c                num3
 .data.num4     0x00000000200001cc       0x40 Core/Src/mazeGame.o
                0x00000000200001cc                num4
 .data.IMU_Char
                0x000000002000020c        0x1 Core/Src/mazeGame.o
                0x000000002000020c                IMU_Char
 .data.end_toggle
                0x000000002000020d        0x1 Core/Src/mazeGame.o
                0x000000002000020d                end_toggle
 .data.player_toggle
                0x000000002000020e        0x1 Core/Src/mazeGame.o
                0x000000002000020e                player_toggle
 .data.uart_transmit_ball_pos
                0x000000002000020f        0x1 Core/Src/mazeGame.o
                0x000000002000020f                uart_transmit_ball_pos
 .data.end_flicker
                0x0000000020000210        0x1 Core/Src/mazeGame.o
                0x0000000020000210                end_flicker
 .data.maze_ball_allowed_to_move
                0x0000000020000211        0x1 Core/Src/mazeGame.o
                0x0000000020000211                maze_ball_allowed_to_move
 .data.ball_visible
                0x0000000020000212        0x1 Core/Src/mazeGame.o
                0x0000000020000212                ball_visible
 .data.goal_visible
                0x0000000020000213        0x1 Core/Src/mazeGame.o
                0x0000000020000213                goal_visible
 .data.maze_message
                0x0000000020000214        0xa Core/Src/mazeGame.o
                0x0000000020000214                maze_message
 .data.toggle   0x000000002000021e        0x1 Core/Src/mazeGame.o
                0x000000002000021e                toggle
 .data.end_visible
                0x000000002000021f        0x1 Core/Src/mazeGame.o
                0x000000002000021f                end_visible
 .data.middle_pressed_prev
                0x0000000020000220        0x1 Core/Src/stm32f1xx_it.o
                0x0000000020000220                middle_pressed_prev
 *fill*         0x0000000020000221        0x3 
 .data.SystemCoreClock
                0x0000000020000224        0x4 Core/Src/system_stm32f1xx.o
                0x0000000020000224                SystemCoreClock
 .data.IMU_CharT
                0x0000000020000228        0x1 Core/Src/tennisGame.o
                0x0000000020000228                IMU_CharT
 *fill*         0x0000000020000229        0x1 
 .data.ball_velocity
                0x000000002000022a        0x2 Core/Src/tennisGame.o
                0x000000002000022a                ball_velocity
 .data.tennis_message
                0x000000002000022c        0xa Core/Src/tennisGame.o
                0x000000002000022c                tennis_message
 *fill*         0x0000000020000236        0x2 
 .data.uwTickPrio
                0x0000000020000238        0x4 Drivers/STM32F1xx_HAL_Driver/Src/stm32f1xx_hal.o
                0x0000000020000238                uwTickPrio
 .data.uwTickFreq
                0x000000002000023c        0x1 Drivers/STM32F1xx_HAL_Driver/Src/stm32f1xx_hal.o
                0x000000002000023c                uwTickFreq
                0x0000000020000240                . = ALIGN (0x4)
 *fill*         0x000000002000023d        0x3 
                0x0000000020000240                _edata = .

.igot.plt       0x0000000020000240        0x0 load address 0x00000000080047bc
 .igot.plt      0x0000000020000240        0x0 d:/st/stm32cubeide_1.3.0/stm32cubeide/plugins/com.st.stm32cube.ide.mcu.externaltools.gnu-tools-for-stm32.7-2018-q2-update.win32_1.0.0.201904181610/tools/bin/../lib/gcc/arm-none-eabi/7.3.1/thumb/v7-m/crtbegin.o
                0x0000000020000240                . = ALIGN (0x4)

.bss            0x0000000020000240      0x1a0 load address 0x00000000080047bc
                0x0000000020000240                _sbss = .
                0x0000000020000240                __bss_start__ = _sbss
 *(.bss)
 .bss           0x0000000020000240       0x1c d:/st/stm32cubeide_1.3.0/stm32cubeide/plugins/com.st.stm32cube.ide.mcu.externaltools.gnu-tools-for-stm32.7-2018-q2-update.win32_1.0.0.201904181610/tools/bin/../lib/gcc/arm-none-eabi/7.3.1/thumb/v7-m/crtbegin.o
 *(.bss*)
 .bss.columnCounter
                0x000000002000025c        0x4 Core/Src/matrixDisplay.o
                0x000000002000025c                columnCounter
 .bss.maze_game_counter
                0x0000000020000260        0x8 Core/Src/mazeGame.o
                0x0000000020000260                maze_game_counter
 .bss.number_flag
                0x0000000020000268        0x1 Core/Src/mazeGame.o
                0x0000000020000268                number_flag
 .bss.maze_flag
                0x0000000020000269        0x1 Core/Src/mazeGame.o
                0x0000000020000269                maze_flag
 .bss.mazemenuflag
                0x000000002000026a        0x1 Core/Src/mazeGame.o
                0x000000002000026a                mazemenuflag
 .bss.togglebit
                0x000000002000026b        0x1 Core/Src/mazeGame.o
                0x000000002000026b                togglebit
 .bss.sysTickCounter
                0x000000002000026c        0x4 Core/Src/stm32f1xx_it.o
                0x000000002000026c                sysTickCounter
 .bss.button_bounce_timer
                0x0000000020000270        0x8 Core/Src/stm32f1xx_it.o
                0x0000000020000270                button_bounce_timer
 .bss.tennis_game_counter
                0x0000000020000278        0x8 Core/Src/tennisGame.o
                0x0000000020000278                tennis_game_counter
 .bss.bat_move  0x0000000020000280        0x1 Core/Src/tennisGame.o
                0x0000000020000280                bat_move
 .bss.ball_angle
                0x0000000020000281        0x1 Core/Src/tennisGame.o
                0x0000000020000281                ball_angle
 .bss.Number_Of_Bounces
                0x0000000020000282        0x2 Core/Src/tennisGame.o
                0x0000000020000282                Number_Of_Bounces
 .bss.speed     0x0000000020000284        0x2 Core/Src/tennisGame.o
                0x0000000020000284                speed
 *(COMMON)
 *fill*         0x0000000020000286        0x2 
 COMMON         0x0000000020000288       0x80 Core/Src/calibration.o
                0x0000000020000288                display
                0x00000000200002c8                huart2
 COMMON         0x0000000020000308       0xa8 Core/Src/main.o
                0x0000000020000308                left_pressed
                0x0000000020000309                yPrev
                0x000000002000030c                hi2c1
                0x0000000020000360                az
                0x0000000020000362                xPrev
                0x0000000020000363                up_pressed
                0x0000000020000364                hadc1
                0x0000000020000394                i2cMazeData
                0x000000002000039e                ax
                0x00000000200003a0                i2cData
                0x00000000200003aa                down_pressed
                0x00000000200003ab                result
                0x00000000200003ac                middle_pressed
                0x00000000200003ae                ay
 COMMON         0x00000000200003b0        0x8 Core/Src/mazeGame.o
                0x00000000200003b0                uart_transmit_tball_pos
                0x00000000200003b1                right_pressed
                0x00000000200003b4                ball
 COMMON         0x00000000200003b8        0xc Core/Src/stm32f1xx_it.o
                0x00000000200003b8                FlickerCounter
                0x00000000200003c0                left_pressed_prev
                0x00000000200003c1                right_pressed_prev
                0x00000000200003c2                down_pressed_prev
                0x00000000200003c3                up_pressed_prev
 *fill*         0x00000000200003c4        0x4 
 COMMON         0x00000000200003c8       0x12 Core/Src/tennisGame.o
                0x00000000200003c8                TennisSysTickCounter
                0x00000000200003d0                tball
 *fill*         0x00000000200003da        0x2 
 COMMON         0x00000000200003dc        0x4 Drivers/STM32F1xx_HAL_Driver/Src/stm32f1xx_hal.o
                0x00000000200003dc                uwTick
                0x00000000200003e0                . = ALIGN (0x4)
                0x00000000200003e0                _ebss = .
                0x00000000200003e0                __bss_end__ = _ebss

._user_heap_stack
                0x00000000200003e0      0x600 load address 0x00000000080047bc
                0x00000000200003e0                . = ALIGN (0x8)
                0x00000000200003e0                PROVIDE (end = .)
                [!provide]                        PROVIDE (_end = .)
                0x00000000200005e0                . = (. + _Min_Heap_Size)
 *fill*         0x00000000200003e0      0x200 
                0x00000000200009e0                . = (. + _Min_Stack_Size)
 *fill*         0x00000000200005e0      0x400 
                0x00000000200009e0                . = ALIGN (0x8)

/DISCARD/
 libc.a(*)
 libm.a(*)
 libgcc.a(*)

.ARM.attributes
                0x0000000000000000       0x29
 *(.ARM.attributes)
 .ARM.attributes
                0x0000000000000000       0x1d d:/st/stm32cubeide_1.3.0/stm32cubeide/plugins/com.st.stm32cube.ide.mcu.externaltools.gnu-tools-for-stm32.7-2018-q2-update.win32_1.0.0.201904181610/tools/bin/../lib/gcc/arm-none-eabi/7.3.1/thumb/v7-m/crti.o
 .ARM.attributes
                0x000000000000001d       0x2d d:/st/stm32cubeide_1.3.0/stm32cubeide/plugins/com.st.stm32cube.ide.mcu.externaltools.gnu-tools-for-stm32.7-2018-q2-update.win32_1.0.0.201904181610/tools/bin/../lib/gcc/arm-none-eabi/7.3.1/thumb/v7-m/crtbegin.o
 .ARM.attributes
                0x000000000000004a       0x33 Core/Src/calibration.o
 .ARM.attributes
                0x000000000000007d       0x33 Core/Src/main.o
 .ARM.attributes
                0x00000000000000b0       0x33 Core/Src/matrixDisplay.o
 .ARM.attributes
                0x00000000000000e3       0x33 Core/Src/mazeGame.o
 .ARM.attributes
                0x0000000000000116       0x33 Core/Src/stm32f1xx_hal_msp.o
 .ARM.attributes
                0x0000000000000149       0x33 Core/Src/stm32f1xx_it.o
 .ARM.attributes
                0x000000000000017c       0x33 Core/Src/system_stm32f1xx.o
 .ARM.attributes
                0x00000000000001af       0x33 Core/Src/tennisGame.o
 .ARM.attributes
                0x00000000000001e2       0x21 Core/Startup/startup_stm32f103rbtx.o
 .ARM.attributes
                0x0000000000000203       0x33 Drivers/STM32F1xx_HAL_Driver/Src/stm32f1xx_hal.o
 .ARM.attributes
                0x0000000000000236       0x33 Drivers/STM32F1xx_HAL_Driver/Src/stm32f1xx_hal_adc.o
 .ARM.attributes
                0x0000000000000269       0x33 Drivers/STM32F1xx_HAL_Driver/Src/stm32f1xx_hal_cortex.o
 .ARM.attributes
                0x000000000000029c       0x33 Drivers/STM32F1xx_HAL_Driver/Src/stm32f1xx_hal_gpio.o
 .ARM.attributes
                0x00000000000002cf       0x33 Drivers/STM32F1xx_HAL_Driver/Src/stm32f1xx_hal_i2c.o
 .ARM.attributes
                0x0000000000000302       0x33 Drivers/STM32F1xx_HAL_Driver/Src/stm32f1xx_hal_rcc.o
 .ARM.attributes
                0x0000000000000335       0x33 Drivers/STM32F1xx_HAL_Driver/Src/stm32f1xx_hal_rcc_ex.o
 .ARM.attributes
                0x0000000000000368       0x33 Drivers/STM32F1xx_HAL_Driver/Src/stm32f1xx_hal_uart.o
 .ARM.attributes
                0x000000000000039b       0x2d d:/st/stm32cubeide_1.3.0/stm32cubeide/plugins/com.st.stm32cube.ide.mcu.externaltools.gnu-tools-for-stm32.7-2018-q2-update.win32_1.0.0.201904181610/tools/bin/../lib/gcc/arm-none-eabi/7.3.1/../../../../arm-none-eabi/lib/thumb/v7-m\libc_nano.a(lib_a-init.o)
 .ARM.attributes
                0x00000000000003c8       0x2d d:/st/stm32cubeide_1.3.0/stm32cubeide/plugins/com.st.stm32cube.ide.mcu.externaltools.gnu-tools-for-stm32.7-2018-q2-update.win32_1.0.0.201904181610/tools/bin/../lib/gcc/arm-none-eabi/7.3.1/../../../../arm-none-eabi/lib/thumb/v7-m\libc_nano.a(lib_a-memset.o)
 .ARM.attributes
                0x00000000000003f5       0x1d d:/st/stm32cubeide_1.3.0/stm32cubeide/plugins/com.st.stm32cube.ide.mcu.externaltools.gnu-tools-for-stm32.7-2018-q2-update.win32_1.0.0.201904181610/tools/bin/../lib/gcc/arm-none-eabi/7.3.1/thumb/v7-m/crtn.o
OUTPUT(EDesignDemo1.elf elf32-littlearm)

.debug_info     0x0000000000000000     0xb285
 .debug_info    0x0000000000000000      0x640 Core/Src/calibration.o
 .debug_info    0x0000000000000640     0x11db Core/Src/main.o
 .debug_info    0x000000000000181b      0x40c Core/Src/matrixDisplay.o
 .debug_info    0x0000000000001c27      0xf72 Core/Src/mazeGame.o
 .debug_info    0x0000000000002b99      0xdf7 Core/Src/stm32f1xx_hal_msp.o
 .debug_info    0x0000000000003990      0x45f Core/Src/stm32f1xx_it.o
 .debug_info    0x0000000000003def      0x28f Core/Src/system_stm32f1xx.o
 .debug_info    0x000000000000407e      0xa48 Core/Src/tennisGame.o
 .debug_info    0x0000000000004ac6       0x22 Core/Startup/startup_stm32f103rbtx.o
 .debug_info    0x0000000000004ae8      0x6fe Drivers/STM32F1xx_HAL_Driver/Src/stm32f1xx_hal.o
 .debug_info    0x00000000000051e6      0xc61 Drivers/STM32F1xx_HAL_Driver/Src/stm32f1xx_hal_adc.o
 .debug_info    0x0000000000005e47      0xb46 Drivers/STM32F1xx_HAL_Driver/Src/stm32f1xx_hal_cortex.o
 .debug_info    0x000000000000698d      0x681 Drivers/STM32F1xx_HAL_Driver/Src/stm32f1xx_hal_gpio.o
 .debug_info    0x000000000000700e     0x2457 Drivers/STM32F1xx_HAL_Driver/Src/stm32f1xx_hal_i2c.o
 .debug_info    0x0000000000009465      0x804 Drivers/STM32F1xx_HAL_Driver/Src/stm32f1xx_hal_rcc.o
 .debug_info    0x0000000000009c69      0x439 Drivers/STM32F1xx_HAL_Driver/Src/stm32f1xx_hal_rcc_ex.o
 .debug_info    0x000000000000a0a2     0x11e3 Drivers/STM32F1xx_HAL_Driver/Src/stm32f1xx_hal_uart.o

.debug_abbrev   0x0000000000000000     0x1d95
 .debug_abbrev  0x0000000000000000      0x170 Core/Src/calibration.o
 .debug_abbrev  0x0000000000000170      0x233 Core/Src/main.o
 .debug_abbrev  0x00000000000003a3      0x1b6 Core/Src/matrixDisplay.o
 .debug_abbrev  0x0000000000000559      0x1fa Core/Src/mazeGame.o
 .debug_abbrev  0x0000000000000753      0x19d Core/Src/stm32f1xx_hal_msp.o
 .debug_abbrev  0x00000000000008f0      0x127 Core/Src/stm32f1xx_it.o
 .debug_abbrev  0x0000000000000a17      0x134 Core/Src/system_stm32f1xx.o
 .debug_abbrev  0x0000000000000b4b      0x1a4 Core/Src/tennisGame.o
 .debug_abbrev  0x0000000000000cef       0x12 Core/Startup/startup_stm32f103rbtx.o
 .debug_abbrev  0x0000000000000d01      0x1d8 Drivers/STM32F1xx_HAL_Driver/Src/stm32f1xx_hal.o
 .debug_abbrev  0x0000000000000ed9      0x1d5 Drivers/STM32F1xx_HAL_Driver/Src/stm32f1xx_hal_adc.o
 .debug_abbrev  0x00000000000010ae      0x2d5 Drivers/STM32F1xx_HAL_Driver/Src/stm32f1xx_hal_cortex.o
 .debug_abbrev  0x0000000000001383      0x1c0 Drivers/STM32F1xx_HAL_Driver/Src/stm32f1xx_hal_gpio.o
 .debug_abbrev  0x0000000000001543      0x258 Drivers/STM32F1xx_HAL_Driver/Src/stm32f1xx_hal_i2c.o
 .debug_abbrev  0x000000000000179b      0x243 Drivers/STM32F1xx_HAL_Driver/Src/stm32f1xx_hal_rcc.o
 .debug_abbrev  0x00000000000019de      0x175 Drivers/STM32F1xx_HAL_Driver/Src/stm32f1xx_hal_rcc_ex.o
 .debug_abbrev  0x0000000000001b53      0x242 Drivers/STM32F1xx_HAL_Driver/Src/stm32f1xx_hal_uart.o

.debug_aranges  0x0000000000000000      0xaa0
 .debug_aranges
                0x0000000000000000       0x28 Core/Src/calibration.o
 .debug_aranges
                0x0000000000000028       0x50 Core/Src/main.o
 .debug_aranges
                0x0000000000000078       0x60 Core/Src/matrixDisplay.o
 .debug_aranges
                0x00000000000000d8       0x38 Core/Src/mazeGame.o
 .debug_aranges
                0x0000000000000110       0x50 Core/Src/stm32f1xx_hal_msp.o
 .debug_aranges
                0x0000000000000160       0x68 Core/Src/stm32f1xx_it.o
 .debug_aranges
                0x00000000000001c8       0x28 Core/Src/system_stm32f1xx.o
 .debug_aranges
                0x00000000000001f0       0x40 Core/Src/tennisGame.o
 .debug_aranges
                0x0000000000000230       0x28 Core/Startup/startup_stm32f103rbtx.o
 .debug_aranges
                0x0000000000000258       0xe0 Drivers/STM32F1xx_HAL_Driver/Src/stm32f1xx_hal.o
 .debug_aranges
                0x0000000000000338       0xf0 Drivers/STM32F1xx_HAL_Driver/Src/stm32f1xx_hal_adc.o
 .debug_aranges
                0x0000000000000428      0x100 Drivers/STM32F1xx_HAL_Driver/Src/stm32f1xx_hal_cortex.o
 .debug_aranges
                0x0000000000000528       0x58 Drivers/STM32F1xx_HAL_Driver/Src/stm32f1xx_hal_gpio.o
 .debug_aranges
                0x0000000000000580      0x290 Drivers/STM32F1xx_HAL_Driver/Src/stm32f1xx_hal_i2c.o
 .debug_aranges
                0x0000000000000810       0x90 Drivers/STM32F1xx_HAL_Driver/Src/stm32f1xx_hal_rcc.o
 .debug_aranges
                0x00000000000008a0       0x30 Drivers/STM32F1xx_HAL_Driver/Src/stm32f1xx_hal_rcc_ex.o
 .debug_aranges
                0x00000000000008d0      0x1d0 Drivers/STM32F1xx_HAL_Driver/Src/stm32f1xx_hal_uart.o

.debug_ranges   0x0000000000000000      0x9b8
 .debug_ranges  0x0000000000000000       0x18 Core/Src/calibration.o
 .debug_ranges  0x0000000000000018       0x40 Core/Src/main.o
 .debug_ranges  0x0000000000000058       0x50 Core/Src/matrixDisplay.o
 .debug_ranges  0x00000000000000a8       0x28 Core/Src/mazeGame.o
 .debug_ranges  0x00000000000000d0       0x40 Core/Src/stm32f1xx_hal_msp.o
 .debug_ranges  0x0000000000000110       0x58 Core/Src/stm32f1xx_it.o
 .debug_ranges  0x0000000000000168       0x18 Core/Src/system_stm32f1xx.o
 .debug_ranges  0x0000000000000180       0x30 Core/Src/tennisGame.o
 .debug_ranges  0x00000000000001b0       0x20 Core/Startup/startup_stm32f103rbtx.o
 .debug_ranges  0x00000000000001d0       0xd0 Drivers/STM32F1xx_HAL_Driver/Src/stm32f1xx_hal.o
 .debug_ranges  0x00000000000002a0       0xe0 Drivers/STM32F1xx_HAL_Driver/Src/stm32f1xx_hal_adc.o
 .debug_ranges  0x0000000000000380       0xf0 Drivers/STM32F1xx_HAL_Driver/Src/stm32f1xx_hal_cortex.o
 .debug_ranges  0x0000000000000470       0x48 Drivers/STM32F1xx_HAL_Driver/Src/stm32f1xx_hal_gpio.o
 .debug_ranges  0x00000000000004b8      0x2a0 Drivers/STM32F1xx_HAL_Driver/Src/stm32f1xx_hal_i2c.o
 .debug_ranges  0x0000000000000758       0x80 Drivers/STM32F1xx_HAL_Driver/Src/stm32f1xx_hal_rcc.o
 .debug_ranges  0x00000000000007d8       0x20 Drivers/STM32F1xx_HAL_Driver/Src/stm32f1xx_hal_rcc_ex.o
 .debug_ranges  0x00000000000007f8      0x1c0 Drivers/STM32F1xx_HAL_Driver/Src/stm32f1xx_hal_uart.o

.debug_macro    0x0000000000000000    0x14052
 .debug_macro   0x0000000000000000      0x1dc Core/Src/calibration.o
 .debug_macro   0x00000000000001dc      0xa5a Core/Src/calibration.o
 .debug_macro   0x0000000000000c36      0x221 Core/Src/calibration.o
 .debug_macro   0x0000000000000e57       0x2e Core/Src/calibration.o
 .debug_macro   0x0000000000000e85       0x22 Core/Src/calibration.o
 .debug_macro   0x0000000000000ea7       0x22 Core/Src/calibration.o
 .debug_macro   0x0000000000000ec9       0x8e Core/Src/calibration.o
 .debug_macro   0x0000000000000f57       0x51 Core/Src/calibration.o
 .debug_macro   0x0000000000000fa8       0xef Core/Src/calibration.o
 .debug_macro   0x0000000000001097       0x6a Core/Src/calibration.o
 .debug_macro   0x0000000000001101      0x1df Core/Src/calibration.o
 .debug_macro   0x00000000000012e0       0x1c Core/Src/calibration.o
 .debug_macro   0x00000000000012fc       0x22 Core/Src/calibration.o
 .debug_macro   0x000000000000131e       0xc3 Core/Src/calibration.o
 .debug_macro   0x00000000000013e1      0xd23 Core/Src/calibration.o
 .debug_macro   0x0000000000002104     0xe09e Core/Src/calibration.o
 .debug_macro   0x00000000000101a2       0x43 Core/Src/calibration.o
 .debug_macro   0x00000000000101e5      0x174 Core/Src/calibration.o
 .debug_macro   0x0000000000010359       0x5a Core/Src/calibration.o
 .debug_macro   0x00000000000103b3      0x5be Core/Src/calibration.o
 .debug_macro   0x0000000000010971      0x289 Core/Src/calibration.o
 .debug_macro   0x0000000000010bfa      0x1cb Core/Src/calibration.o
 .debug_macro   0x0000000000010dc5      0x114 Core/Src/calibration.o
 .debug_macro   0x0000000000010ed9      0x1b2 Core/Src/calibration.o
 .debug_macro   0x000000000001108b       0x27 Core/Src/calibration.o
 .debug_macro   0x00000000000110b2      0x136 Core/Src/calibration.o
 .debug_macro   0x00000000000111e8      0x1bc Core/Src/calibration.o
 .debug_macro   0x00000000000113a4       0x34 Core/Src/calibration.o
 .debug_macro   0x00000000000113d8       0x3c Core/Src/calibration.o
 .debug_macro   0x0000000000011414       0x57 Core/Src/calibration.o
 .debug_macro   0x000000000001146b      0x46a Core/Src/calibration.o
 .debug_macro   0x00000000000118d5      0x1b5 Core/Src/calibration.o
 .debug_macro   0x0000000000011a8a       0x88 Core/Src/calibration.o
 .debug_macro   0x0000000000011b12      0x241 Core/Src/calibration.o
 .debug_macro   0x0000000000011d53      0x280 Core/Src/calibration.o
 .debug_macro   0x0000000000011fd3      0x141 Core/Src/calibration.o
 .debug_macro   0x0000000000012114      0x26b Core/Src/calibration.o
 .debug_macro   0x000000000001237f       0x83 Core/Src/calibration.o
 .debug_macro   0x0000000000012402      0x17e Core/Src/calibration.o
 .debug_macro   0x0000000000012580      0x1d4 Core/Src/main.o
 .debug_macro   0x0000000000012754      0x1dc Core/Src/matrixDisplay.o
 .debug_macro   0x0000000000012930      0x1de Core/Src/mazeGame.o
 .debug_macro   0x0000000000012b0e      0x1d4 Core/Src/stm32f1xx_hal_msp.o
 .debug_macro   0x0000000000012ce2      0x1d8 Core/Src/stm32f1xx_it.o
 .debug_macro   0x0000000000012eba      0x1a3 Core/Src/system_stm32f1xx.o
 .debug_macro   0x000000000001305d      0x1de Core/Src/tennisGame.o
 .debug_macro   0x000000000001323b      0x1c7 Drivers/STM32F1xx_HAL_Driver/Src/stm32f1xx_hal.o
 .debug_macro   0x0000000000013402      0x1c0 Drivers/STM32F1xx_HAL_Driver/Src/stm32f1xx_hal_adc.o
 .debug_macro   0x00000000000135c2      0x1a3 Drivers/STM32F1xx_HAL_Driver/Src/stm32f1xx_hal_cortex.o
 .debug_macro   0x0000000000013765      0x20e Drivers/STM32F1xx_HAL_Driver/Src/stm32f1xx_hal_gpio.o
 .debug_macro   0x0000000000013973      0x1e3 Drivers/STM32F1xx_HAL_Driver/Src/stm32f1xx_hal_i2c.o
 .debug_macro   0x0000000000013b56      0x1b5 Drivers/STM32F1xx_HAL_Driver/Src/stm32f1xx_hal_rcc.o
 .debug_macro   0x0000000000013d0b      0x1a3 Drivers/STM32F1xx_HAL_Driver/Src/stm32f1xx_hal_rcc_ex.o
 .debug_macro   0x0000000000013eae      0x1a4 Drivers/STM32F1xx_HAL_Driver/Src/stm32f1xx_hal_uart.o

.debug_line     0x0000000000000000     0x9a87
 .debug_line    0x0000000000000000      0x6d5 Core/Src/calibration.o
 .debug_line    0x00000000000006d5      0x775 Core/Src/main.o
 .debug_line    0x0000000000000e4a      0x7a3 Core/Src/matrixDisplay.o
 .debug_line    0x00000000000015ed      0x837 Core/Src/mazeGame.o
 .debug_line    0x0000000000001e24      0x70a Core/Src/stm32f1xx_hal_msp.o
 .debug_line    0x000000000000252e      0x781 Core/Src/stm32f1xx_it.o
 .debug_line    0x0000000000002caf      0x675 Core/Src/system_stm32f1xx.o
 .debug_line    0x0000000000003324      0x812 Core/Src/tennisGame.o
 .debug_line    0x0000000000003b36       0x84 Core/Startup/startup_stm32f103rbtx.o
 .debug_line    0x0000000000003bba      0x826 Drivers/STM32F1xx_HAL_Driver/Src/stm32f1xx_hal.o
 .debug_line    0x00000000000043e0      0xb78 Drivers/STM32F1xx_HAL_Driver/Src/stm32f1xx_hal_adc.o
 .debug_line    0x0000000000004f58      0x8ff Drivers/STM32F1xx_HAL_Driver/Src/stm32f1xx_hal_cortex.o
 .debug_line    0x0000000000005857      0x826 Drivers/STM32F1xx_HAL_Driver/Src/stm32f1xx_hal_gpio.o
 .debug_line    0x000000000000607d     0x1aeb Drivers/STM32F1xx_HAL_Driver/Src/stm32f1xx_hal_i2c.o
 .debug_line    0x0000000000007b68      0x8e8 Drivers/STM32F1xx_HAL_Driver/Src/stm32f1xx_hal_rcc.o
 .debug_line    0x0000000000008450      0x706 Drivers/STM32F1xx_HAL_Driver/Src/stm32f1xx_hal_rcc_ex.o
 .debug_line    0x0000000000008b56      0xf31 Drivers/STM32F1xx_HAL_Driver/Src/stm32f1xx_hal_uart.o

.debug_str      0x0000000000000000    0x6e167
 .debug_str     0x0000000000000000    0x6b0b2 Core/Src/calibration.o
                                      0x6b3bb (size before relaxing)
 .debug_str     0x000000000006b0b2      0x9a4 Core/Src/main.o
                                      0x6be1a (size before relaxing)
 .debug_str     0x000000000006ba56       0xb0 Core/Src/matrixDisplay.o
                                      0x6b0b8 (size before relaxing)
 .debug_str     0x000000000006bb06      0x18d Core/Src/mazeGame.o
                                      0x6b996 (size before relaxing)
 .debug_str     0x000000000006bc93       0xd2 Core/Src/stm32f1xx_hal_msp.o
                                      0x6b87e (size before relaxing)
 .debug_str     0x000000000006bd65      0x18a Core/Src/stm32f1xx_it.o
                                      0x6b288 (size before relaxing)
 .debug_str     0x000000000006beef       0x52 Core/Src/system_stm32f1xx.o
                                      0x6aaef (size before relaxing)
 .debug_str     0x000000000006bf41      0x116 Core/Src/tennisGame.o
                                      0x6b695 (size before relaxing)
 .debug_str     0x000000000006c057       0x36 Core/Startup/startup_stm32f103rbtx.o
                                         0x75 (size before relaxing)
 .debug_str     0x000000000006c08d      0x3b3 Drivers/STM32F1xx_HAL_Driver/Src/stm32f1xx_hal.o
                                      0x6b17a (size before relaxing)
 .debug_str     0x000000000006c440      0x35c Drivers/STM32F1xx_HAL_Driver/Src/stm32f1xx_hal_adc.o
                                      0x6b17f (size before relaxing)
 .debug_str     0x000000000006c79c      0x31c Drivers/STM32F1xx_HAL_Driver/Src/stm32f1xx_hal_cortex.o
                                      0x6b188 (size before relaxing)
 .debug_str     0x000000000006cab8      0x324 Drivers/STM32F1xx_HAL_Driver/Src/stm32f1xx_hal_gpio.o
                                      0x6aeb3 (size before relaxing)
 .debug_str     0x000000000006cddc      0xb6d Drivers/STM32F1xx_HAL_Driver/Src/stm32f1xx_hal_i2c.o
                                      0x6badf (size before relaxing)
 .debug_str     0x000000000006d949      0x258 Drivers/STM32F1xx_HAL_Driver/Src/stm32f1xx_hal_rcc.o
                                      0x6aeec (size before relaxing)
 .debug_str     0x000000000006dba1       0xb9 Drivers/STM32F1xx_HAL_Driver/Src/stm32f1xx_hal_rcc_ex.o
                                      0x6ac79 (size before relaxing)
 .debug_str     0x000000000006dc5a      0x50d Drivers/STM32F1xx_HAL_Driver/Src/stm32f1xx_hal_uart.o
                                      0x6b3db (size before relaxing)

.comment        0x0000000000000000       0x7b
 .comment       0x0000000000000000       0x7b Core/Src/calibration.o
                                         0x7c (size before relaxing)
 .comment       0x000000000000007b       0x7c Core/Src/main.o
 .comment       0x000000000000007b       0x7c Core/Src/matrixDisplay.o
 .comment       0x000000000000007b       0x7c Core/Src/mazeGame.o
 .comment       0x000000000000007b       0x7c Core/Src/stm32f1xx_hal_msp.o
 .comment       0x000000000000007b       0x7c Core/Src/stm32f1xx_it.o
 .comment       0x000000000000007b       0x7c Core/Src/system_stm32f1xx.o
 .comment       0x000000000000007b       0x7c Core/Src/tennisGame.o
 .comment       0x000000000000007b       0x7c Drivers/STM32F1xx_HAL_Driver/Src/stm32f1xx_hal.o
 .comment       0x000000000000007b       0x7c Drivers/STM32F1xx_HAL_Driver/Src/stm32f1xx_hal_adc.o
 .comment       0x000000000000007b       0x7c Drivers/STM32F1xx_HAL_Driver/Src/stm32f1xx_hal_cortex.o
 .comment       0x000000000000007b       0x7c Drivers/STM32F1xx_HAL_Driver/Src/stm32f1xx_hal_gpio.o
 .comment       0x000000000000007b       0x7c Drivers/STM32F1xx_HAL_Driver/Src/stm32f1xx_hal_i2c.o
 .comment       0x000000000000007b       0x7c Drivers/STM32F1xx_HAL_Driver/Src/stm32f1xx_hal_rcc.o
 .comment       0x000000000000007b       0x7c Drivers/STM32F1xx_HAL_Driver/Src/stm32f1xx_hal_rcc_ex.o
 .comment       0x000000000000007b       0x7c Drivers/STM32F1xx_HAL_Driver/Src/stm32f1xx_hal_uart.o

.debug_frame    0x0000000000000000     0x2a6c
 .debug_frame   0x0000000000000000       0x58 Core/Src/calibration.o
 .debug_frame   0x0000000000000058       0xf4 Core/Src/main.o
 .debug_frame   0x000000000000014c      0x15c Core/Src/matrixDisplay.o
 .debug_frame   0x00000000000002a8       0x9c Core/Src/mazeGame.o
 .debug_frame   0x0000000000000344      0x110 Core/Src/stm32f1xx_hal_msp.o
 .debug_frame   0x0000000000000454      0x12c Core/Src/stm32f1xx_it.o
 .debug_frame   0x0000000000000580       0x58 Core/Src/system_stm32f1xx.o
 .debug_frame   0x00000000000005d8       0xb8 Core/Src/tennisGame.o
 .debug_frame   0x0000000000000690      0x334 Drivers/STM32F1xx_HAL_Driver/Src/stm32f1xx_hal.o
 .debug_frame   0x00000000000009c4      0x40c Drivers/STM32F1xx_HAL_Driver/Src/stm32f1xx_hal_adc.o
 .debug_frame   0x0000000000000dd0      0x428 Drivers/STM32F1xx_HAL_Driver/Src/stm32f1xx_hal_cortex.o
 .debug_frame   0x00000000000011f8      0x14c Drivers/STM32F1xx_HAL_Driver/Src/stm32f1xx_hal_gpio.o
 .debug_frame   0x0000000000001344      0xc08 Drivers/STM32F1xx_HAL_Driver/Src/stm32f1xx_hal_i2c.o
 .debug_frame   0x0000000000001f4c      0x21c Drivers/STM32F1xx_HAL_Driver/Src/stm32f1xx_hal_rcc.o
 .debug_frame   0x0000000000002168       0x84 Drivers/STM32F1xx_HAL_Driver/Src/stm32f1xx_hal_rcc_ex.o
 .debug_frame   0x00000000000021ec      0x834 Drivers/STM32F1xx_HAL_Driver/Src/stm32f1xx_hal_uart.o
 .debug_frame   0x0000000000002a20       0x2c d:/st/stm32cubeide_1.3.0/stm32cubeide/plugins/com.st.stm32cube.ide.mcu.externaltools.gnu-tools-for-stm32.7-2018-q2-update.win32_1.0.0.201904181610/tools/bin/../lib/gcc/arm-none-eabi/7.3.1/../../../../arm-none-eabi/lib/thumb/v7-m\libc_nano.a(lib_a-init.o)
 .debug_frame   0x0000000000002a4c       0x20 d:/st/stm32cubeide_1.3.0/stm32cubeide/plugins/com.st.stm32cube.ide.mcu.externaltools.gnu-tools-for-stm32.7-2018-q2-update.win32_1.0.0.201904181610/tools/bin/../lib/gcc/arm-none-eabi/7.3.1/../../../../arm-none-eabi/lib/thumb/v7-m\libc_nano.a(lib_a-memset.o)
