stm32f1xx_hal_i2c.c:449:19:HAL_I2C_Init	24	static
stm32f1xx_hal_i2c.c:564:19:HAL_I2C_DeInit	16	static
stm32f1xx_hal_i2c.c:610:13:HAL_I2C_MspInit	16	static
stm32f1xx_hal_i2c.c:626:13:HAL_I2C_MspDeInit	16	static
stm32f1xx_hal_i2c.c:1046:19:HAL_I2C_Master_Transmit	40	static
stm32f1xx_hal_i2c.c:1167:19:HAL_I2C_Master_Receive	56	static,ignoring_inline_asm
stm32f1xx_hal_i2c.c:1439:19:HAL_I2C_Slave_Transmit	48	static
stm32f1xx_hal_i2c.c:1569:19:HAL_I2C_Slave_Receive	48	static
stm32f1xx_hal_i2c.c:1690:19:HAL_I2C_Master_Transmit_IT	32	static
stm32f1xx_hal_i2c.c:1770:19:HAL_I2C_Master_Receive_IT	32	static
stm32f1xx_hal_i2c.c:1852:19:HAL_I2C_Slave_Transmit_IT	24	static
stm32f1xx_hal_i2c.c:1914:19:HAL_I2C_Slave_Receive_IT	24	static
stm32f1xx_hal_i2c.c:1978:19:HAL_I2C_Master_Transmit_DMA	32	static
stm32f1xx_hal_i2c.c:2117:19:HAL_I2C_Master_Receive_DMA	32	static
stm32f1xx_hal_i2c.c:2254:19:HAL_I2C_Slave_Transmit_DMA	32	static
stm32f1xx_hal_i2c.c:2349:19:HAL_I2C_Slave_Receive_DMA	32	static
stm32f1xx_hal_i2c.c:2449:19:HAL_I2C_Mem_Write	40	static
stm32f1xx_hal_i2c.c:2572:19:HAL_I2C_Mem_Read	56	static,ignoring_inline_asm
stm32f1xx_hal_i2c.c:2849:19:HAL_I2C_Mem_Write_IT	32	static
stm32f1xx_hal_i2c.c:2937:19:HAL_I2C_Mem_Read_IT	32	static
stm32f1xx_hal_i2c.c:3031:19:HAL_I2C_Mem_Write_DMA	48	static
stm32f1xx_hal_i2c.c:3175:19:HAL_I2C_Mem_Read_DMA	56	static
stm32f1xx_hal_i2c.c:3333:19:HAL_I2C_IsDeviceReady	48	static
stm32f1xx_hal_i2c.c:3465:19:HAL_I2C_Master_Seq_Transmit_IT	32	static
stm32f1xx_hal_i2c.c:3563:19:HAL_I2C_Master_Seq_Transmit_DMA	40	static
stm32f1xx_hal_i2c.c:3729:19:HAL_I2C_Master_Seq_Receive_IT	40	static
stm32f1xx_hal_i2c.c:3853:19:HAL_I2C_Master_Seq_Receive_DMA	40	static
stm32f1xx_hal_i2c.c:4056:19:HAL_I2C_Slave_Seq_Transmit_IT	32	static
stm32f1xx_hal_i2c.c:4122:19:HAL_I2C_Slave_Seq_Transmit_DMA	32	static
stm32f1xx_hal_i2c.c:4279:19:HAL_I2C_Slave_Seq_Receive_IT	32	static
stm32f1xx_hal_i2c.c:4345:19:HAL_I2C_Slave_Seq_Receive_DMA	32	static
stm32f1xx_hal_i2c.c:4498:19:HAL_I2C_EnableListen_IT	16	static
stm32f1xx_hal_i2c.c:4531:19:HAL_I2C_DisableListen_IT	24	static
stm32f1xx_hal_i2c.c:4566:19:HAL_I2C_Master_Abort_IT	16	static
stm32f1xx_hal_i2c.c:4621:6:HAL_I2C_EV_IRQHandler	40	static
stm32f1xx_hal_i2c.c:4780:6:HAL_I2C_ER_IRQHandler	48	static
stm32f1xx_hal_i2c.c:4862:13:HAL_I2C_MasterTxCpltCallback	16	static
stm32f1xx_hal_i2c.c:4878:13:HAL_I2C_MasterRxCpltCallback	16	static
stm32f1xx_hal_i2c.c:4893:13:HAL_I2C_SlaveTxCpltCallback	16	static
stm32f1xx_hal_i2c.c:4909:13:HAL_I2C_SlaveRxCpltCallback	16	static
stm32f1xx_hal_i2c.c:4927:13:HAL_I2C_AddrCallback	16	static
stm32f1xx_hal_i2c.c:4945:13:HAL_I2C_ListenCpltCallback	16	static
stm32f1xx_hal_i2c.c:4961:13:HAL_I2C_MemTxCpltCallback	16	static
stm32f1xx_hal_i2c.c:4977:13:HAL_I2C_MemRxCpltCallback	16	static
stm32f1xx_hal_i2c.c:4993:13:HAL_I2C_ErrorCallback	16	static
stm32f1xx_hal_i2c.c:5009:13:HAL_I2C_AbortCpltCallback	16	static
stm32f1xx_hal_i2c.c:5044:22:HAL_I2C_GetState	16	static
stm32f1xx_hal_i2c.c:5056:21:HAL_I2C_GetMode	16	static
stm32f1xx_hal_i2c.c:5067:10:HAL_I2C_GetError	16	static
stm32f1xx_hal_i2c.c:5090:13:I2C_MasterTransmit_TXE	24	static
stm32f1xx_hal_i2c.c:5236:13:I2C_MasterTransmit_BTF	24	static
stm32f1xx_hal_i2c.c:5312:13:I2C_MasterReceive_RXNE	24	static
stm32f1xx_hal_i2c.c:5393:13:I2C_MasterReceive_BTF	24	static
stm32f1xx_hal_i2c.c:5519:13:I2C_Master_SB	16	static
stm32f1xx_hal_i2c.c:5582:13:I2C_Master_ADD10	16	static
stm32f1xx_hal_i2c.c:5603:13:I2C_Master_ADDR	72	static
stm32f1xx_hal_i2c.c:5751:13:I2C_SlaveTransmit_TXE	24	static
stm32f1xx_hal_i2c.c:5792:13:I2C_SlaveTransmit_BTF	16	static
stm32f1xx_hal_i2c.c:5813:13:I2C_SlaveReceive_RXNE	24	static
stm32f1xx_hal_i2c.c:5854:13:I2C_SlaveReceive_BTF	16	static
stm32f1xx_hal_i2c.c:5876:13:I2C_Slave_ADDR	24	static
stm32f1xx_hal_i2c.c:5927:13:I2C_Slave_STOPF	24	static
stm32f1xx_hal_i2c.c:6096:13:I2C_Slave_AF	24	static
stm32f1xx_hal_i2c.c:6162:13:I2C_ITError	24	static
stm32f1xx_hal_i2c.c:6317:26:I2C_MasterRequestWrite	40	static
stm32f1xx_hal_i2c.c:6383:26:I2C_MasterRequestRead	40	static
stm32f1xx_hal_i2c.c:6475:26:I2C_RequestMemoryWrite	40	static
stm32f1xx_hal_i2c.c:6551:26:I2C_RequestMemoryRead	40	static
stm32f1xx_hal_i2c.c:6652:13:I2C_DMAXferCplt	32	static
stm32f1xx_hal_i2c.c:6784:13:I2C_DMAError	24	static
stm32f1xx_hal_i2c.c:6813:13:I2C_DMAAbort	24	static
stm32f1xx_hal_i2c.c:6889:26:I2C_WaitOnFlagUntilTimeout	24	static
stm32f1xx_hal_i2c.c:6923:26:I2C_WaitOnMasterAddressFlagUntilTimeout	24	static
stm32f1xx_hal_i2c.c:6974:26:I2C_WaitOnTXEFlagUntilTimeout	24	static
stm32f1xx_hal_i2c.c:7012:26:I2C_WaitOnBTFFlagUntilTimeout	24	static
stm32f1xx_hal_i2c.c:7050:26:I2C_WaitOnSTOPFlagUntilTimeout	24	static
stm32f1xx_hal_i2c.c:7085:26:I2C_WaitOnRXNEFlagUntilTimeout	24	static
stm32f1xx_hal_i2c.c:7130:26:I2C_IsAcknowledgeFailed	16	static
stm32f1xx_hal_i2c.c:7155:13:I2C_ConvertOtherXferOptions	16	static
